[WARN] Leviathan UI no disponible o error de sintaxis: No module named 'leviathan_ui'
[PackageMaker] Plataforma detectada: danenone
[PackageMaker] BASE_DIR: /home/ubuntu/Documents/Packagemaker Projects
[PackageMaker] Fluthin_APPS: /home/ubuntu/Documents/Fluthin Apps
[INFO] Iniciando compilación del proyecto actual...
[INFO] Proyecto: /home/ubuntu/danenone/build/system-fluthin-projects/danenone-shell
[INFO] Salida: /home/ubuntu/Documents/Packagemaker Projects/Compiled
[INFO] Plataforma objetivo (detectada): Linux
[FlangCompiler IT] Inicializado en: /home/ubuntu/danenone/build/system-fluthin-projects/danenone-shell
[FlangCompiler IT] Plataforma actual: Linux
[INFO] Metadatos cargados: {'publisher': 'Influent', 'app': 'danenone-shell', 'name': 'Danenone Shell', 'version': '0.3-26.08-21.56', 'platform': 'Danenone', 'author': 'JesusQuijada34'}
[INFO] Secondary script: app.py | Icon: None
[INFO] PyInstaller embebido: 6.22.0
--- / --- - WORKING FOR SQUAREROOM - --- / ---
[INFO] Iniciando compilación para Linux...
[INFO] Compilando script: app...
[DEBUG] Compilando app con PyInstaller embebido...
[OK] app compilado.
[INFO] Creando paquete en: /home/ubuntu/Documents/Packagemaker Projects/Compiled/Influent.danenone-shell.v0.3-26.08-21.56-Danenone
[INFO] Creando .iflapp: Influent.danenone-shell.v0.3-26.08-21.56-Danenone.iflapp
[OK] Compilación completada exitosamente
[INFO] Paquete generado: /home/ubuntu/Documents/Packagemaker Projects/Compiled/Influent.danenone-shell.v0.3-26.08-21.56-Danenone.iflapp
[INFO] Carpeta del paquete eliminada: Influent.danenone-shell.v0.3-26.08-21.56-Danenone
[INFO] Solo queda el archivo .iflapp: Influent.danenone-shell.v0.3-26.08-21.56-Danenone.iflapp
[INFO] Proyecto fuente conservado; la eliminación requiere autorización explícita.
[INFO] Limpiando archivos de compilación...
[INFO] Carpeta eliminada: dist

147 INFO: PyInstaller: 6.22.0, contrib hooks: 2026.6
147 INFO: Python: 3.12.3
147 INFO: Platform: Linux-6.1.102-x86_64-with-glibc2.39
147 INFO: Python environment: /usr
147 INFO: wrote /tmp/pyi_build_qsl6qsh3/spec/app.spec
149 INFO: Module search paths (PYTHONPATH):
['/home/ubuntu/fluthin_compatible/packagemaker',
 '/usr/lib/python312.zip',
 '/usr/lib/python3.12',
 '/usr/lib/python3.12/lib-dynload',
 '/home/ubuntu/.local/lib/python3.12/site-packages',
 '/usr/local/lib/python3.12/dist-packages',
 '/usr/lib/python3/dist-packages',
 '/home/ubuntu/danenone/build/system-fluthin-projects/danenone-shell']
687 INFO: Appending 'datas' from .spec
687 INFO: checking Analysis
687 INFO: Building Analysis because Analysis-00.toc is non existent
687 INFO: Looking for Python shared library...
694 INFO: Using Python shared library: /lib/x86_64-linux-gnu/libpython3.12.so.1.0
694 INFO: Running Analysis Analysis-00.toc
694 INFO: Target bytecode optimization level: 0
694 INFO: Initializing module dependency graph...
694 INFO: Initializing module graph hook caches...
698 INFO: Analyzing modules for base_library.zip ...
1203 INFO: Processing standard module hook 'hook-encodings.py' from '/home/ubuntu/.local/lib/python3.12/site-packages/PyInstaller/hooks'
1457 INFO: Processing standard module hook 'hook-math.py' from '/home/ubuntu/.local/lib/python3.12/site-packages/PyInstaller/hooks'
2128 INFO: Processing standard module hook 'hook-pickle.py' from '/home/ubuntu/.local/lib/python3.12/site-packages/PyInstaller/hooks'
2601 INFO: Processing standard module hook 'hook-heapq.py' from '/home/ubuntu/.local/lib/python3.12/site-packages/PyInstaller/hooks'
2815 INFO: Caching module dependency graph...
2836 INFO: Analyzing /home/ubuntu/danenone/build/system-fluthin-projects/danenone-shell/app.py
2837 INFO: Processing module hooks (post-graph stage)...
2840 INFO: Performing binary vs. data reclassification (12 entries)
2842 INFO: Looking for ctypes DLLs
2844 INFO: Analyzing run-time hooks ...
2844 INFO: Including run-time hook 'pyi_rth_inspect.py' from '/home/ubuntu/.local/lib/python3.12/site-packages/PyInstaller/hooks/rthooks'
2847 INFO: Creating base_library.zip...
2857 INFO: Looking for dynamic libraries
2929 INFO: Warnings written to /tmp/pyi_build_qsl6qsh3/work/app/warn-app.txt
2933 INFO: Graph cross-reference written to /tmp/pyi_build_qsl6qsh3/work/app/xref-app.html
2939 INFO: checking PYZ
2939 INFO: Building PYZ because PYZ-00.toc is non existent
2939 INFO: Building PYZ (ZlibArchive) /tmp/pyi_build_qsl6qsh3/work/app/PYZ-00.pyz
3018 INFO: Building PYZ (ZlibArchive) /tmp/pyi_build_qsl6qsh3/work/app/PYZ-00.pyz completed successfully.
3024 INFO: checking PKG
3024 INFO: Building PKG because PKG-00.toc is non existent
3024 INFO: Building PKG (CArchive) app.pkg
4896 INFO: Building PKG (CArchive) app.pkg completed successfully.
4896 INFO: Bootloader /home/ubuntu/.local/lib/python3.12/site-packages/PyInstaller/bootloader/Linux-64bit-intel/run
4896 INFO: checking EXE
4897 INFO: Building EXE because EXE-00.toc is non existent
4897 INFO: Building EXE from EXE-00.toc
4897 INFO: Copying bootloader EXE to /home/ubuntu/danenone/build/system-fluthin-projects/danenone-shell/dist/app
4897 INFO: Appending PKG archive to custom ELF section in EXE
4912 INFO: Building EXE from EXE-00.toc completed successfully.
4913 INFO: Build complete! The results are available in: /home/ubuntu/danenone/build/system-fluthin-projects/danenone-shell/dist
